train/IVi6QFcw.jpg
train/odpbC8Gf.jpg
train/nS7LyY0P.jpg
train/Svht1ifm.jpg
train/X6TYq4Fv.jpg
train/qrwtBJlL.jpg
train/xmn8pAOf.jpg
train/ZxeHlCG4.jpg
train/x71Ff9TH.jpg
train/uLEW1J5Y.jpg
train/aekA6YTr.jpg
train/rRXJo68P.jpg
train/XdQq7ncx.jpg
train/BxIv7s91.jpg
train/fe6sYmN1.jpg
train/60bZGHok.jpg
train/Vuf7OUQs.jpg
train/PNw7ykBO.jpg
train/hNK2pSEa.jpg
train/B6ptJm1N.jpg
train/0KpT64QS.jpg
train/zD7t6iTX.jpg
train/olb2FQUd.jpg
train/JuNUS4zE.jpg
train/qXMNkc06.jpg
train/VEpPoB3Y.jpg
train/RNlUvEpC.jpg
train/dGjFDWLm.jpg
train/T6lHC03e.jpg
train/0B5cODAW.jpg
train/kgAtxKmc.jpg
train/EZvORd1s.jpg
train/SXUToe9K.jpg
train/KMNbRzyY.jpg
train/mB4yLs5k.jpg
train/qEk4aOxp.jpg
train/8X5yxUI2.jpg
train/bHNoKCmi.jpg
train/9omVKHyd.jpg
train/4igGQyl7.jpg
train/QgSoaMNY.jpg
train/RKQWT2NX.jpg
train/iLzQaOnp.jpg
train/IEW2M5Oz.jpg
train/MruYzvpS.jpg
train/XLKwNA6S.jpg
train/xvQTaGCD.jpg
train/EWnT0RMq.jpg
train/IQOqR7Tu.jpg
train/5wL6cvIG.jpg
train/1LzqedcD.jpg
train/eXCg5Obf.jpg
train/Jc0oz4Ag.jpg
train/z3vErFwI.jpg
train/KCO4YJa0.jpg
train/TFlaR3dp.jpg
train/Krz7tFfy.jpg
train/m6XutZy2.jpg
train/RweW0rTZ.jpg
train/V2dYKlXn.jpg
train/TO5RnuyQ.jpg
train/X1Fkdpcm.jpg
train/ljPDzwhb.jpg
train/tZdzxoBy.jpg
train/JtQmIloB.jpg
train/LABSM8cT.jpg
train/45DWe9rk.jpg
train/KgmVaN62.jpg
train/JcKlqsaX.jpg
train/tT87Hsvm.jpg
train/nB7wGJp8.jpg
train/QBRzWvxt.jpg
train/DfF2h1S6.jpg
train/BfxPTtpo.jpg
train/ZCUWnEhK.jpg
train/D8JvW2mw.jpg
train/EiA9Nsyd.jpg
train/NOjIwgHa.jpg
train/51Qa2is0.jpg
train/5T04rFem.jpg
train/vk7Oq4EP.jpg
train/OqXkVHIw.jpg
train/9qIDjWEc.jpg
train/TkzXyipW.jpg
train/FbLuWKPs.jpg
train/lISVy2YB.jpg
train/KgHGdIAv.jpg
train/m5tGI4YK.jpg
train/blnrRwqf.jpg
train/e48ydxtB.jpg
train/XDBYHtsF.jpg
train/icqaS3vR.jpg
train/KBALT7Iv.jpg
train/wsIpU6kT.jpg
train/8vAR24Zd.jpg
train/KktqFmvx.jpg
train/c4yFE6Hv.jpg
train/7Or4ulao.jpg
train/H25AKJ0D.jpg
train/iWln234L.jpg
train/kQASYHNF.jpg
train/dbQ4Aevl.jpg
train/sTOZDot9.jpg
train/GFHvYUP2.jpg
train/3vpeLI2s.jpg
train/ijSTu8IO.jpg
train/f2NQYSJx.jpg
train/TVYHu9FX.jpg
train/Tz8mCoPn.jpg
train/lhUPKMer.jpg
train/creSECGB.jpg
train/nfMFoX3R.jpg
train/UdnRvLt5.jpg
train/ntovmSyf.jpg
train/a5P82Lcd.jpg
train/AB3MFSxD.jpg
train/cT8jn7rw.jpg
train/EMG6JFkr.jpg
train/eKFxvArn.jpg
train/Q4HxcerT.jpg
train/jtzS0h4l.jpg
train/9IGSqAMl.jpg
train/6q2sMPI4.jpg
train/2mi9Z4Ya.jpg
train/vjeuWNSH.jpg
train/QzYec734.jpg
train/FiheuK7g.jpg
train/ytahGmkC.jpg
train/2TFHS4C9.jpg
train/5znevIqp.jpg
train/40tZbVfp.jpg
train/gmqhPnY2.jpg
train/KtcdX0Fa.jpg
train/jsxk2M7f.jpg
train/AMPYxUOy.jpg
train/YEydQhbH.jpg
train/Nxz1qBDo.jpg
train/5WOCYEwU.jpg
train/FjWiupxY.jpg
train/BK1znowa.jpg
train/n3uUxjdt.jpg
train/Js9ywVm1.jpg
train/OirasTn3.jpg
train/iRvh8bBc.jpg
train/ixwjZR8D.jpg
train/BhniveRq.jpg
train/Pm19nUjS.jpg
train/o6uprVys.jpg
train/2uhDnXoB.jpg
train/qmCHuxDf.jpg
train/IgPOhWCS.jpg
train/26QrHEBp.jpg
train/KDLYgmMh.jpg
train/9dPFeDlJ.jpg
train/eHCBhnr1.jpg
train/Tox7krZ4.jpg
train/mk71hStY.jpg
train/fThskUEN.jpg
train/gd8x7BfD.jpg
train/GkfYuHqE.jpg
train/4hCQlKxq.jpg
train/6YvxhPao.jpg
train/QewFXC4u.jpg
train/tODweqGS.jpg
train/c0UpQXaz.jpg
train/PprFUH1E.jpg
train/Y4c39tph.jpg
train/Na8V75KW.jpg
train/KoQfYGAh.jpg
train/HCN9UBXJ.jpg
train/jNhn56oc.jpg
train/YUuaER19.jpg
train/ZiLpIQT0.jpg
train/fIZzMKWl.jpg
train/HZRwhb2C.jpg
train/KEFQtfvU.jpg
train/Eko7a3nr.jpg
train/58eDj2gx.jpg
train/TI72hOVv.jpg
train/tIRnOWFy.jpg
train/mngL725N.jpg
train/mBHnJ92G.jpg
train/QFmL4nkl.jpg
train/RjmtQS7T.jpg
train/safr3wnu.jpg
train/xMuQqaoR.jpg
train/qBlm3Epb.jpg
train/ExH0V13y.jpg
train/lPQaHC3w.jpg
train/AS10BpmG.jpg
train/3npMEolv.jpg
train/WcTuKeAf.jpg
train/dy60ekGm.jpg
train/cOZ29bdQ.jpg
train/ckls8StO.jpg
train/0qSxcfuE.jpg
train/d3leywhH.jpg
train/rACoUNDL.jpg
train/zvhgL3wq.jpg
train/RP0QcKHO.jpg
train/ENIGFV38.jpg
train/0WQRXZNn.jpg
train/qrcZyL3X.jpg
train/JBvTnIeh.jpg
train/IvhKOek0.jpg
train/LOeZtNhs.jpg
train/JQeIKTc4.jpg
train/1h5wMCu0.jpg
train/shiy8Fl2.jpg
train/On51yGoc.jpg
train/CjJHGLeK.jpg
train/NAtRZjm2.jpg
train/g5EH8Ppe.jpg
train/f0ytIA9q.jpg
train/h8naoSkL.jpg
train/N5nFRWXG.jpg
train/Tm1aMxKH.jpg
train/Uxm9cHkp.jpg
train/PwHCm21K.jpg
train/Ot5bsUrZ.jpg
train/uerV4TEc.jpg
train/9mgxRsBY.jpg
train/4ynxGISK.jpg
train/NFRxW0HS.jpg
train/wIso68bf.jpg
train/7TBzO154.jpg
train/7ubXDJki.jpg
train/0BhJb3Ea.jpg
train/Ol0jZcKb.jpg
train/VUux0MXg.jpg
train/q7wjERXm.jpg
train/coabnE2I.jpg
train/pD4zUtRX.jpg
train/MRyx5dDL.jpg
train/UnIH6eoM.jpg
train/spZzfxNW.jpg
train/9nCXz7EI.jpg
train/bKVltB2P.jpg
train/gaMNY1K3.jpg
train/GKoSEb0N.jpg
train/NACWK5vR.jpg
train/QfFmYt3z.jpg
train/7v1nosEu.jpg
train/BYdbRkn8.jpg
train/AZe6jUQm.jpg
train/mpSIqwnV.jpg
train/uQLU27ei.jpg
train/BMRHjVfA.jpg
train/SZtarYvF.jpg
train/uz0xjkHV.jpg
train/eB4gQVSz.jpg
train/cwrYgJoT.jpg
train/PMdzS457.jpg
train/29YPTmX7.jpg
train/zFgiNRxy.jpg
train/UMvrtFZI.jpg
train/Ybze2PAq.jpg
train/Uy7WY3Qf.jpg
train/dhspZPDK.jpg
train/nB1mYvR6.jpg
train/9P04TDN3.jpg
train/gduCNyjb.jpg
train/raT2jCpX.jpg
train/2g3KZ0Op.jpg
train/2gVOq1yK.jpg
train/xFp40yad.jpg
train/h7EHzer2.jpg
train/0nWfg7Hk.jpg
train/AuklSPOG.jpg
train/jJneHQu1.jpg
train/YBMdup59.jpg
train/LIHAd6kO.jpg
train/dOGg6H27.jpg
train/AGtiwbXE.jpg
train/UX0MNyQO.jpg
train/OomVtN4v.jpg
train/yvV5JgHh.jpg
train/LcJPqhWb.jpg
train/aPN87Oro.jpg
train/kY45flBL.jpg
train/EKmuhsOa.jpg
train/CTWRndc7.jpg
train/X5KSLRwy.jpg
train/h1Xbjyi4.jpg
train/TSOUbf9o.jpg
train/YHGSolCI.jpg
train/vdcLyQ8p.jpg
train/Ly65d49w.jpg
train/4JWjrwlV.jpg
train/TUd9vLya.jpg
train/1r9ATdFf.jpg
train/EpMie7dy.jpg
train/eh3unA7x.jpg
train/AeLqvPZS.jpg
train/v0ufkCtJ.jpg
train/QR67CNHc.jpg
train/rJNnbFcV.jpg
train/pwtTue2k.jpg
train/OqfeNWb2.jpg
train/E5X0dHp1.jpg
train/ceTYiKt4.jpg
train/cY2beAE3.jpg
train/ewObzrCt.jpg
train/4D1v8C6x.jpg
train/Pa5ItXTi.jpg
train/MyoQ7Znx.jpg
train/C8gEi5xA.jpg
train/R0PQ6m4G.jpg
train/4ILNoeVG.jpg
train/M6e8Pn7q.jpg
train/etWLN9bC.jpg
train/Cxk2u9cS.jpg
train/7V3gTRic.jpg
train/19LxGJvD.jpg
train/S9Aipkhz.jpg
train/zniaCZRU.jpg
train/6kxtYzBC.jpg
train/4vODC3gs.jpg
train/lwjJW09U.jpg
train/pMxl5ZW9.jpg
train/GWftp7Ak.jpg
train/C3o5QWUe.jpg
train/Uh7tlPLV.jpg
train/ltYJjdop.jpg
train/S6Zci38e.jpg
train/by7jRcd3.jpg
train/WfnK8uFD.jpg
train/fjUXHKkW.jpg
train/eCR4Fis3.jpg
train/KA17ZndM.jpg
train/RBfSVmCE.jpg
train/ZuCBG1UM.jpg
train/RmvCAl9N.jpg
train/EsgH4R9P.jpg
train/fMwqWXYK.jpg
train/1XSZk5mq.jpg
train/LE8NVdIj.jpg
train/EfVeN4Ro.jpg
train/e6XE4si3.jpg
train/pxJbFBOc.jpg
train/aOpZqvs6.jpg
train/n5BCyPq1.jpg
train/xUyvesOg.jpg
train/ziTWucja.jpg
train/PtO8c0o9.jpg
train/oSPmEGXp.jpg
train/kJXtTCLD.jpg
train/JSmO9XYU.jpg
train/yznDWhGT.jpg
train/QiFtXyAc.jpg
train/Y2gitL3v.jpg
train/8CcU6L2B.jpg
train/hI8itUk4.jpg
train/KqRU6kIv.jpg
train/bwiHaVlA.jpg
train/4MQzegfq.jpg
train/Dx1jkSwp.jpg
train/7MwFVhIm.jpg
train/TY49BCdO.jpg
train/F3xypaPc.jpg
train/wovN25Lr.jpg
train/ew0o2WBf.jpg
train/U8hE0xnJ.jpg
train/iRucpjfg.jpg
train/8kuasFA9.jpg
train/3tfVFrqz.jpg
train/8gPRUKCt.jpg
train/Sy18GFoM.jpg
train/nHTseyCz.jpg
train/s0qI61mn.jpg
train/3xFOmhjt.jpg
train/YIpZF961.jpg
train/VlwB2LWS.jpg
train/0qnvyuTV.jpg
train/wmbeATGu.jpg
train/RU8T7ALP.jpg
train/3lzboPrM.jpg
train/ARoD41Ki.jpg
train/ltPGiO5U.jpg
train/0rUZWKcM.jpg
train/zbXM70Zk.jpg
train/168gTvli.jpg
train/9QzvFaCr.jpg
train/9jIEVdsv.jpg
train/4GHj53ze.jpg
train/QxdS7hrC.jpg
train/d1jzFBl9.jpg
train/JfvzLNna.jpg
train/kRN7sHFK.jpg
train/5EUcoY2s.jpg
train/xpskAo12.jpg
train/zWmXhoB1.jpg
train/Z1yQEX9D.jpg
train/KGAsbMlZ.jpg
train/Mum3OxXe.jpg
train/rUI85KMY.jpg
train/8D2jmUe7.jpg
train/RXBfWxbm.jpg
train/fMpT543w.jpg
train/52tv7gN8.jpg
train/MXArnUpV.jpg
train/hv0YG82o.jpg
train/BdepsUqC.jpg
train/ortpE9xU.jpg
train/wkRVu9mU.jpg
train/gD0zVMap.jpg
train/4R7MmDWx.jpg
train/FMtAV8xd.jpg
train/Aht9of0W.jpg
train/aTCEljW0.jpg
train/glEIqae7.jpg
train/qkxLOgy5.jpg
train/XwtzB48y.jpg
train/PYj9Str2.jpg
train/tkE17ZgP.jpg
train/9FrbNC2q.jpg
train/UjD7xbId.jpg
train/7sIO4q1Z.jpg
train/e7rsZADB.jpg
train/LAjcDFHz.jpg
train/5uSNb3Hl.jpg
train/YaJesnDz.jpg
train/ZKYWIaXk.jpg
train/o5twH9mg.jpg
train/ZVqBbyuN.jpg
train/q9NSrFja.jpg
train/iDNZyS9K.jpg
train/WcjqnTMa.jpg
train/DwlLWPYg.jpg
train/EuwLtpvm.jpg
train/4joTxViq.jpg
train/eunmXJqF.jpg
train/ywRdMEux.jpg
train/KcbCzrZw.jpg
train/1ICJWZea.jpg
train/waQlPB5I.jpg
train/OsG3z2gk.jpg
train/e3G9qSvQ.jpg
train/opOMebRJ.jpg
train/JAsi5PZX.jpg
train/pWZhl2uK.jpg
train/PfpGL9F5.jpg
train/PXOujwnN.jpg
train/K7YwO6Jz.jpg
train/tWC09q2j.jpg
train/BMXDbw13.jpg
train/KhzF27B1.jpg
train/go8rJniP.jpg
train/g8HK9R0e.jpg
train/7BErdcUM.jpg
train/wKhb1OjS.jpg
train/6E9ZlpAS.jpg
train/05eZLliK.jpg
train/dqVjtOXy.jpg
train/DoxHwchA.jpg
train/tTwWQ9yH.jpg
train/IDkNEtoi.jpg
train/Hj8OeK6w.jpg
train/S3wUO7HC.jpg
train/jSWqXTkQ.jpg
train/IYTEAqBe.jpg
train/6RftNx75.jpg
train/oIL4gvNj.jpg
train/v5W9DMxG.jpg
train/FuMQdfbB.jpg
train/6ZUhdt4K.jpg
train/5WUf0r46.jpg
train/ZzJvjGNH.jpg
train/e2zSuxv6.jpg
train/GakAEfcT.jpg
train/0lPnwj6f.jpg
train/nP5ztpVZ.jpg
train/JjA5pGVr.jpg
train/xl5GLC87.jpg
train/ZjSmcMxA.jpg
train/r4pZAwmY.jpg
train/DUMp3HcI.jpg
train/gw6zTrfy.jpg
train/U0Kvfocw.jpg
train/aSW5ZMGl.jpg
train/OeTozq3F.jpg
train/BoRl4fmC.jpg
train/i3VyDRkP.jpg
train/putGkAhK.jpg
train/WS8If1PZ.jpg
train/fWJecEtv.jpg
train/4D5qehO1.jpg
train/d6aTRjhl.jpg
train/4Q27oPxE.jpg
train/brRpAVZ4.jpg
train/47xU91Eu.jpg
train/joBLp9wg.jpg
train/Ciu9NV6L.jpg
train/Hf7AXpdB.jpg
train/a5hodJ4U.jpg
train/mseNCi95.jpg
train/Ean9Up25.jpg
train/t37XWMLR.jpg
train/zqak701p.jpg
train/VbjYMZ94.jpg
train/jmqWeLKR.jpg
train/P3jGIM1l.jpg
train/xo5y7U86.jpg
train/gb8km3KD.jpg
train/c0VNLMe6.jpg
train/T2cru4t5.jpg
train/Sp4znsUH.jpg
train/PAyUhk8C.jpg
train/V40oNHZQ.jpg
train/mRjHLGsW.jpg
train/my4uSobx.jpg
train/5SwuUkCm.jpg
train/6sNIB7wd.jpg
train/KnIuPpi2.jpg
train/yCDji0ke.jpg
train/KltizLuY.jpg
train/PdoEOpFj.jpg
train/upyCM2sW.jpg
train/V81qLFDO.jpg
train/he1nyTqC.jpg
train/c6NrnHiT.jpg
train/Bq9jiAIv.jpg
train/8BvcZtmq.jpg
train/jxFZSNul.jpg
train/BW6ZNoQj.jpg
train/u87WOKy4.jpg
train/KMFocGdL.jpg
train/tzJGS4g2.jpg
train/UKkJGYXB.jpg
train/F1G5XKfz.jpg
train/jX68aocv.jpg
train/dLCOUGXj.jpg
train/CByRGfLT.jpg
train/sfpw9NRV.jpg
train/Ag8G0PBj.jpg
train/JNpzyfXg.jpg
train/BiVQdDwG.jpg
train/1JNkRlgI.jpg
train/AoWhOkbQ.jpg
train/XJhfZ3ld.jpg
train/IVhmSbfU.jpg
train/mNBqYxS2.jpg
train/tdFjTwNf.jpg
train/fvL783GX.jpg
train/eDC1Hh6R.jpg
train/prAhHxUV.jpg
train/3BqpYU69.jpg
train/92S0PIqe.jpg
train/RLmboyZf.jpg
train/bPHX5ZLM.jpg
train/QyBaoW1c.jpg
train/9ojLfTqk.jpg
train/jCROQAwV.jpg
train/MrXsd9F2.jpg
train/HWl9dPye.jpg
train/j0eVtLdm.jpg
train/XDtvmAzY.jpg
train/NPfF35Mz.jpg
train/Sm71nN9k.jpg
train/TqFQYPS4.jpg
train/4PmZTo1M.jpg
train/XU8B9ic4.jpg
train/sDQh3Ujl.jpg
train/lSCYc8If.jpg
train/mONZlwWI.jpg
train/mxk5lBM3.jpg
train/Wp5xvP1u.jpg
train/8k7fr42Q.jpg
train/3BfkYCab.jpg
train/vzh9uFaj.jpg
train/m507h9tV.jpg
train/w6CfSkTp.jpg
train/JoQnOT1d.jpg
train/diNahFCX.jpg
train/qPXvmp5J.jpg
train/fcnBvME2.jpg
train/ezYd4wXm.jpg
train/EbnP1q4h.jpg
train/nh2UuLky.jpg
train/1MkURKIN.jpg
train/U4Yl8M2A.jpg
train/7omPX4fs.jpg
train/5BFqdjsn.jpg
train/HYh6rFXy.jpg
train/chrj9Ssn.jpg
train/lSrgCTDh.jpg
train/c2QU9p6G.jpg
train/wuM6ofnq.jpg
train/pZoGcBtF.jpg
train/XyZnWEQw.jpg
train/sWdm8NH0.jpg
train/sIL8CPfK.jpg
train/Z8XGPCOd.jpg
train/z1dfbkAY.jpg
train/XMuCN1Gg.jpg
train/UwicgoEF.jpg
train/KhcC5rEy.jpg
train/f8IEFDKg.jpg
train/dlhXfpyu.jpg
train/n5b6LcF7.jpg
train/RWZ9EmkO.jpg
train/7s3tQdDC.jpg
train/AGpYtfjd.jpg
train/h4vpsXqC.jpg
train/Y3zZuG8v.jpg
train/WfEHvaCb.jpg
train/v16ek3fD.jpg
train/9zrXZ7AW.jpg
train/n4TrbpNX.jpg
train/0zN3eYuU.jpg
train/DeSmG5C7.jpg
train/bzVZn4Mc.jpg
train/yuEJqfdb.jpg
train/OuWDAMg8.jpg
train/OcVvSzGW.jpg
train/jPma9p2L.jpg
train/xkQvUd6K.jpg
train/0j21vbxB.jpg
train/N6cwn14h.jpg
train/nVs6Qlf7.jpg
train/dUYKwhPa.jpg
train/HCOvhySJ.jpg
train/gRoWFsQ7.jpg
train/IMkicBNS.jpg
train/dPYJ9xoI.jpg
train/woXSNO6r.jpg
train/EzrB9qdn.jpg
train/L073pzD8.jpg
train/xlISkyMC.jpg
train/d41cZerG.jpg
train/xR2SI49u.jpg
train/tO8fNGz0.jpg
train/pKG8hZdf.jpg
train/GwZrsVMx.jpg
train/7xvNcqeD.jpg
train/HthIpori.jpg
train/R4zS1KXO.jpg
train/Un0watWR.jpg
train/1sZNflFv.jpg
train/Btie4DQh.jpg
train/JDQgtBN8.jpg
train/WtTxHCDZ.jpg
train/M4f7ReAc.jpg
train/xipPBZk6.jpg
train/xWefvqdJ.jpg
train/8c10FgGB.jpg
train/NDd6lbqM.jpg
train/1W7hiIgT.jpg
train/b9RTnkQq.jpg
train/NQweqPbI.jpg
train/irST0wDN.jpg
train/AsmYOwnr.jpg
train/EToL0wVk.jpg
train/CRQLEke1.jpg
train/wiCXeAR8.jpg
train/V9lBhpeb.jpg
train/0FeKfqM4.jpg
train/WS50dtBn.jpg
train/jJ90PX2B.jpg
train/TpWOCJdv.jpg
train/Dgx9eO2p.jpg
train/vBuwmLNX.jpg
train/khnJPu9s.jpg
train/EzZdpCVb.jpg
train/sjHJ41Dv.jpg
train/rR3SmFlL.jpg
train/c9DarkH2.jpg
train/yGH4ufaz.jpg
train/2tprT0si.jpg
train/7VgKGHSm.jpg
train/FS8ubmoN.jpg
train/qdoQ2XEi.jpg
train/Gc8baImp.jpg
train/C3r94PqQ.jpg
train/pHYyK4NT.jpg
train/4cyowiEa.jpg
train/ShgEWl1C.jpg
train/SjZNCe5O.jpg
train/IhmC2ivD.jpg
train/UyFfHbnu.jpg
train/2MJxCbuk.jpg
train/GnmwKsLt.jpg
train/QXUrZGBa.jpg
train/3OPZ5jIN.jpg
train/NzQg2x96.jpg
train/GPAxiK3s.jpg
train/7VeB4iFt.jpg
train/ujLWYQFP.jpg
train/jidXPuhp.jpg
train/9JVPCnUx.jpg
train/lpd0c2YP.jpg
train/TDhnk4lv.jpg
train/cEhZaLGY.jpg
train/B72owqyz.jpg
train/BQ9J8uU0.jpg
train/1v7mNIPd.jpg
train/iUnFzQZq.jpg
train/YdNKHDsF.jpg
train/tkQganD6.jpg
train/wCHRTLQA.jpg
train/rz2j46n0.jpg
train/qsUEdXCm.jpg
train/DvVYhfnK.jpg
train/St0IozqB.jpg
train/C87At2cd.jpg
train/g7VnFS8b.jpg
train/PiyqoAD8.jpg
train/jZLDuWp5.jpg
train/9HghOa2w.jpg
train/ETeYm4b6.jpg
train/QmctR59d.jpg
train/JYzfvG8C.jpg
train/FO8tSjGZ.jpg
train/b2Tm3DNd.jpg
train/AKZBMR2E.jpg
train/OW3oE7mI.jpg
train/lZQAzcBk.jpg
train/DzC2eyY1.jpg
train/AZMYuwvk.jpg
train/oZ068avk.jpg
train/HEfaYSdU.jpg
train/45OEiWxg.jpg
train/FjmUSwGQ.jpg
train/c1A3NZ9T.jpg
train/v7arFwcU.jpg
train/V0E96mKt.jpg
train/tKFq8xW3.jpg
train/pz98xm3o.jpg
train/YmyKqRAu.jpg
train/okUEsm9t.jpg
train/S2DAYQw3.jpg
train/Sh0caZop.jpg
train/lVASRTzy.jpg
train/Ug8wd7HP.jpg
train/GmBpNski.jpg
train/FExezkIp.jpg
train/3NIKjDT5.jpg
train/mT3lpUvC.jpg
train/I4XeDHaJ.jpg
train/WZTqV0Cd.jpg
train/vX3NqzWC.jpg
train/EFwIgYlJ.jpg
train/jz97dfCD.jpg
train/uyfLjV7J.jpg
train/4XR190Gw.jpg
train/P1vZiFcN.jpg
train/FJiZuk8p.jpg
train/TPmIUOF6.jpg
train/rgAs1tDn.jpg
train/CAWiXjkU.jpg
train/G9ZgmnC0.jpg
train/H7Qzv2gi.jpg
train/P75J0vBA.jpg
train/wbOJCB0r.jpg
train/IYymfdq2.jpg
train/0mSMnr6D.jpg
train/nXKFpEzJ.jpg
train/rORGy4nV.jpg
train/U1pDgGSy.jpg
train/cDREFzWx.jpg
train/uwR6aQlI.jpg
train/Yp2OMAZF.jpg
train/3pBDuYTL.jpg
train/fr6qP4eQ.jpg
train/HpCXY2VB.jpg
train/Z5rphgai.jpg
train/7nke1t6C.jpg
train/vT1Krf0Q.jpg
train/Cn6tW0Qk.jpg
train/kEBPm8cF.jpg
train/geIyfMXo.jpg
train/Yourb7jx.jpg
train/VBxA8Gdb.jpg
train/u7X18pDw.jpg
train/mtsgKExv.jpg
train/kGxnuwtI.jpg
train/wZo8PXSy.jpg
train/7s1FQlJi.jpg
train/yZ2sV4lw.jpg
train/Rrs6e1jc.jpg
train/mvjUPCIV.jpg
train/1YlT4VFP.jpg
train/wHFalD1n.jpg
train/cWCLtS4P.jpg
train/ojp49L8k.jpg
train/zbUBx0qJ.jpg
train/fZCQe1Yo.jpg
train/NsYUKV1T.jpg
train/i9KXavsj.jpg
train/8Nql13VC.jpg
train/QCnfHU6G.jpg
train/uIQpz1Xg.jpg
train/q4LtXV8C.jpg
train/XGMOw2k1.jpg
train/Jyu8el9N.jpg
train/XvKCqijJ.jpg
train/LIcmVA4x.jpg
train/oOMJ0etN.jpg
train/n6JEOepc.jpg
train/0IAujv9X.jpg
train/OYNzFnED.jpg
train/aslY97Hm.jpg
train/j3svIV6t.jpg
train/vDuC4XVy.jpg
train/msbBGwnu.jpg
train/RLdYlhNf.jpg
train/WLdBSo3H.jpg
train/oyZAmpgf.jpg
train/LPsqrAjW.jpg
train/ti3Lzeyp.jpg
train/mTFAUVBG.jpg
train/AbMjQY2c.jpg
train/DeWAdNQI.jpg
train/uRZxAmVb.jpg
train/sEdalNGm.jpg
train/1sojXMZm.jpg
train/CzJDgrFc.jpg
train/QMK5f7OI.jpg
train/m5Y1yBVi.jpg
train/cHhu2wlU.jpg
train/g4lDjJz5.jpg
train/rXKgEZ3m.jpg
train/xhLme74p.jpg
train/jvUK7grH.jpg
train/svtVacnN.jpg
train/sE7xmcKF.jpg
train/1TvMsRfA.jpg
train/2aO6mhZE.jpg
train/pM6J9RrA.jpg
train/EdyS6O9W.jpg
train/l43EOBJq.jpg
train/wbWUsOy0.jpg
train/CpixubsK.jpg
train/6XNkYl7U.jpg
train/1vnAyqB6.jpg
train/ZRK4t1gM.jpg
train/2jwM7pxV.jpg
train/U6VGZoM7.jpg
train/wYqjvF9f.jpg
train/adNxWRzZ.jpg
train/ux3Lgy6i.jpg
train/SzB7wW0P.jpg
train/DqFBAxg4.jpg
train/GnCm0Kvi.jpg
train/182sFixI.jpg
train/F5vi67Pd.jpg
train/N6AMjU8u.jpg
train/woeP9CKi.jpg
train/Cc5V0Keg.jpg
train/6muBrdsf.jpg
train/jc4PbEfH.jpg
train/TQPzCtal.jpg
train/L7wiYzDp.jpg
train/PGoZKB5j.jpg
train/SqtWX6hc.jpg
train/NKspBMZ9.jpg
train/rY2ylKjv.jpg
train/HjuMwLY3.jpg
train/bum06CHr.jpg
train/u6YPzWMH.jpg
train/pX1P9gb0.jpg
train/XbPdWQUj.jpg
train/J7KGYHV0.jpg
train/Bh1fAVNq.jpg
train/kFLolMhV.jpg
train/ONmcH7tT.jpg
train/v0yWKhxO.jpg
train/84btm36J.jpg
train/JZ4wcygD.jpg
train/x9b3SR7i.jpg
train/cWwN1nHh.jpg
train/bO6R7AXD.jpg
train/h6DMXoba.jpg
train/8DMvmVF4.jpg
train/HYA5ICqg.jpg
train/1VMarqD0.jpg
train/SXTUHgBA.jpg
train/j5VwNtZ8.jpg
train/T7oMtNnk.jpg
train/QAtWqbmE.jpg
train/cPIM5tSV.jpg
train/QqdF60Y5.jpg
train/9mD7jwne.jpg
train/pPmZdYnK.jpg
train/uFedxNXf.jpg
train/QSL0h9PK.jpg
train/7xH450Sa.jpg
train/7uHBhzbr.jpg
train/2dvGfCgH.jpg
train/FxbC072J.jpg
train/qCSa1ZgO.jpg
train/Adpn37i4.jpg
train/bYwKiTuD.jpg
train/C4VO10F7.jpg
train/LPSd3ce8.jpg
train/eoaswlrG.jpg
train/jaif1Mkm.jpg
train/HdL2Rg4p.jpg
train/MtZfVB6y.jpg
train/kAoBYNbG.jpg
train/HVk4yE19.jpg
train/XhODQitf.jpg
train/xVRmiQNE.jpg
train/R5rz7Vqh.jpg
train/Z1H8AREP.jpg
train/o7X84YeQ.jpg
train/7JEhGMYT.jpg
train/dZ1oTOYu.jpg
train/8W3edC7i.jpg
train/OS4HKXx9.jpg
train/xvLotSD0.jpg
train/aVHMcJDN.jpg
train/KrtaWbzo.jpg
train/NiCDVEPX.jpg
train/S1aQ5RTP.jpg
train/vIkPThFG.jpg
train/mwQZtjso.jpg
train/CtuhkbFL.jpg
train/VD6LRzZi.jpg
train/yNIf86kj.jpg
train/OraH06cy.jpg
train/WFarslKI.jpg
train/cmZrDdoB.jpg
train/Q96AwxqF.jpg
train/3zciESMN.jpg
train/vIbP79BG.jpg
train/agbHAcrx.jpg
train/jwoYiAFZ.jpg
train/D3p4hXwO.jpg
train/M2uI35oG.jpg
train/ZMeY3LsP.jpg
train/FaJpwY2C.jpg
train/ZHmAibqx.jpg
train/yOE4wS92.jpg
train/8IEBklsW.jpg
train/YMpG9dNf.jpg
train/az4Ivfri.jpg
train/84aZnYVG.jpg
train/YHeabyu8.jpg
train/tHT9dsP7.jpg
train/pNBgXJ5A.jpg
train/6pt3sI72.jpg
train/M1XV4osL.jpg
train/4fjJwlgW.jpg
train/pMiqbgYL.jpg
train/dRk1FGas.jpg
train/gioC0JQS.jpg
train/JsN8URXu.jpg
train/GmEoHW5I.jpg
train/APXuLtGU.jpg
train/3eV56fPb.jpg
train/UExboZ0k.jpg
train/M4TyDKxF.jpg
train/EoY9qgH0.jpg
train/uktOJmrh.jpg
train/H1CY7oBV.jpg
train/yKADEovY.jpg
train/CPkpS2Z9.jpg
train/Zl83n7Ix.jpg
train/dYVMfgtq.jpg
train/Iycjt4xG.jpg
train/R1q40NUk.jpg
train/ktqG4OMo.jpg
train/JpsluCot.jpg
train/ecLjTWhl.jpg
train/1oElVvNO.jpg
train/Jm3fUBqV.jpg
train/8OQY34Mc.jpg
train/m8dAkb0i.jpg
train/2ng5P68l.jpg
train/bcqfJFYo.jpg
train/La8srxwp.jpg
train/PQokcJ2E.jpg
train/i7pQ4Bxa.jpg
train/sRQi4CM5.jpg
train/UhiysY9I.jpg
train/bTYzw1mj.jpg
train/6Xa57NpF.jpg
train/eY20u3bF.jpg
train/WsJ9ftHO.jpg
train/eGXNdcgY.jpg
train/p3jKFTzt.jpg
train/IuaN51Ti.jpg
train/EOGPWdYx.jpg
train/7iNdYcUj.jpg
train/DSHc3kYn.jpg
train/v1XLq23R.jpg
train/8rsPlxyJ.jpg
train/qFwxJbfK.jpg
train/3pP0uakJ.jpg
train/jrPU1kbQ.jpg
train/ITCnPziD.jpg
